[     862ms] [LOG] [FAST CONNECT] wss://gateway.discord.gg/?encoding=json&v=9&compress=zlib-stream, encoding: json, version: 9 @ https://discord.com/channels/1489825700079734845/1490004148530450622:28
[    1051ms] [INFO] %c[libdiscore] 
font-weight: bold;
color: purple;
 [experiment_manager] Loaded experiments from cache @ https://discord.com/assets/556707.bb1a25f3c212ce8f.js:464
[    1114ms] [LOG] %c[ProcessUtilsElectron] 
font-weight: bold;
color: purple;
 setMemoryInformation not available. @ https://discord.com/assets/556707.bb1a25f3c212ce8f.js:464
[    1234ms] [LOG] %c[default] 
font-weight: bold;
color: purple;
 [BUILD INFO] Release Channel: stable, Build Number: 595897, Version Hash: cc84a8463bda05ae4552c4716adf15add252aa37 @ https://discord.com/assets/556707.bb1a25f3c212ce8f.js:464
[    1236ms] [LOG] AppCrashedFatalReport: getLastCrash not supported. @ https://discord.com/assets/556707.bb1a25f3c212ce8f.js:464
[    1292ms] [INFO] %c[libdiscore] 
font-weight: bold;
color: purple;
 The answer for life the universe and everything is: 42 @ https://discord.com/assets/556707.bb1a25f3c212ce8f.js:464
[    1568ms] [INFO] %c[GatewaySocket] 
font-weight: bold;
color: purple;
 [CONNECT] wss://gateway.discord.gg, encoding: json, version: 9, compression: zlib-stream @ https://discord.com/assets/556707.bb1a25f3c212ce8f.js:464
[    1568ms] [LOG] %c[GatewaySocket] 
font-weight: bold;
color: purple;
 [FAST CONNECT] successfully took over websocket, state: {open: false, identify: false, gateway: wss://gateway.discord.gg/?encoding=json&v=9&compress=zlib-stream, messages: 0} @ https://discord.com/assets/556707.bb1a25f3c212ce8f.js:464
[    2020ms] [INFO] %c[GatewaySocket] 
font-weight: bold;
color: purple;
 [CONNECTED] wss://gateway.discord.gg/?encoding=json&v=9&compress=zlib-stream in 451 ms @ https://discord.com/assets/556707.bb1a25f3c212ce8f.js:464
[    4959ms] [INFO] %c[GatewaySocket] 
font-weight: bold;
color: purple;
 [READY] took 3390ms, as f34c0938827ba37268e975111b7e8ed3 @ https://discord.com/assets/556707.bb1a25f3c212ce8f.js:464
[    5020ms] [LOG] %c[Flux] 
font-weight: bold;
color: purple;
 Dispatching CONNECTION_OPEN @ https://discord.com/assets/556707.bb1a25f3c212ce8f.js:464
[    5027ms] [LOG] %c[DatabaseManager] 
font-weight: bold;
color: purple;
 removing database (user: 948615582054510592, database: undefined) @ https://discord.com/assets/556707.bb1a25f3c212ce8f.js:464
[    5064ms] [INFO] %c[Spotify] 
font-weight: bold;
color: purple;
 WS Connecting @ https://discord.com/assets/556707.bb1a25f3c212ce8f.js:464
[    5066ms] [INFO] %c[Spotify] 
font-weight: bold;
color: purple;
 Added account: 31nwfpzs6xhldsdfxl535iqurfme @ https://discord.com/assets/556707.bb1a25f3c212ce8f.js:464
[    5102ms] [LOG] %c[MessageActionCreators] 
font-weight: bold;
color: purple;
 Fetching messages for 1490004148530450622 between undefined and undefined. jump={"jumpType":"ANIMATED"} @ https://discord.com/assets/556707.bb1a25f3c212ce8f.js:464
[    5606ms] [LOG] %c[MessageActionCreators] 
font-weight: bold;
color: purple;
 Fetched 10 messages for 1490004148530450622 isBefore:false isAfter:false @ https://discord.com/assets/556707.bb1a25f3c212ce8f.js:464
[    5611ms] [INFO] %c[ChannelMessages] 
font-weight: bold;
color: purple;
 loadComplete: resetting state for channelId=1490004148530450622, sending.length=0 @ https://discord.com/assets/556707.bb1a25f3c212ce8f.js:464
[    5629ms] [INFO] %c[GatewaySocket] 
font-weight: bold;
color: purple;
 [READY_SUPPLEMENTAL] took 4061ms @ https://discord.com/assets/556707.bb1a25f3c212ce8f.js:464
[    6234ms] [INFO] %c[Spotify] 
font-weight: bold;
color: purple;
 WS Connected @ https://discord.com/assets/556707.bb1a25f3c212ce8f.js:464
[    6436ms] [INFO] %c[Spotify] 
font-weight: bold;
color: purple;
 Devices updated for 31nwfpzs6xhldsdfxl535iqurfme: [Object] @ https://discord.com/assets/556707.bb1a25f3c212ce8f.js:464
[    6481ms] [INFO] %c[Spotify] 
font-weight: bold;
color: purple;
 Profile updated for 31nwfpzs6xhldsdfxl535iqurfme: isPremium = true @ https://discord.com/assets/556707.bb1a25f3c212ce8f.js:464
[    7844ms] [INFO] %c[OverlayKeybindExperimentManager] 
font-weight: bold;
color: purple;
 Experiments initializing... @ https://discord.com/assets/556707.bb1a25f3c212ce8f.js:464
[    7854ms] [INFO] %c[OverlayKeybindExperimentManager] 
font-weight: bold;
color: purple;
 Experiments initialized @ https://discord.com/assets/556707.bb1a25f3c212ce8f.js:464
[    7879ms] [INFO] %c[LibDaveManager] 
font-weight: bold;
color: purple;
 DAVE loaded @ https://discord.com/assets/556707.bb1a25f3c212ce8f.js:464
[    7879ms] [INFO] %c[LibDaveManager] 
font-weight: bold;
color: purple;
 Successfully initialized DAVE @ https://discord.com/assets/556707.bb1a25f3c212ce8f.js:464
[    7879ms] [INFO] %c[MediaEngineWebRTC] 
font-weight: bold;
color: purple;
 Successfully initialized DAVE, version: 1 @ https://discord.com/assets/556707.bb1a25f3c212ce8f.js:464
[    8377ms] [INFO] %c[SignalHelpers.web] 
font-weight: bold;
color: purple;
 signalAllAcceptedCredentials {rpId: discord.com, encodedUserId: MPMD-4wmT1MNKijYjMJwAA, allAcceptedCredentialIds: Array(0)} @ https://discord.com/assets/556707.bb1a25f3c212ce8f.js:464
[   17871ms] [INFO] %c[libdiscore] 
font-weight: bold;
color: purple;
 [BlockedDomainsStore] Successfully fetched blocked domains @ https://discord.com/assets/556707.bb1a25f3c212ce8f.js:464
[  308532ms] [ERROR] Failed to load resource: the server responded with a status of 429 () @ https://discord.com/api/v9/users/@me/meaningfully-online:0
