[   16095ms] [INFO] %c[libdiscore] 
font-weight: bold;
color: purple;
 [experiment_manager] Loaded experiments from cache @ https://discord.com/assets/556707.bb1a25f3c212ce8f.js:464
[   16176ms] [LOG] %c[ProcessUtilsElectron] 
font-weight: bold;
color: purple;
 setMemoryInformation not available. @ https://discord.com/assets/556707.bb1a25f3c212ce8f.js:464
[   16361ms] [LOG] %c[default] 
font-weight: bold;
color: purple;
 [BUILD INFO] Release Channel: stable, Build Number: 595897, Version Hash: cc84a8463bda05ae4552c4716adf15add252aa37 @ https://discord.com/assets/556707.bb1a25f3c212ce8f.js:464
[   16364ms] [LOG] AppCrashedFatalReport: getLastCrash not supported. @ https://discord.com/assets/556707.bb1a25f3c212ce8f.js:464
[   16471ms] [INFO] %c[libdiscore] 
font-weight: bold;
color: purple;
 The answer for life the universe and everything is: 42 @ https://discord.com/assets/556707.bb1a25f3c212ce8f.js:464
[   20215ms] [INFO] %c[useAuthWebsocket] 
font-weight: bold;
color: purple;
 [0ms] connecting to wss://remote-auth-gateway.discord.gg/?v=2 @ https://discord.com/assets/556707.bb1a25f3c212ce8f.js:464
[   21376ms] [INFO] %c[useAuthWebsocket] 
font-weight: bold;
color: purple;
 [1163ms] got hello, auth timeout=295948ms @ https://discord.com/assets/556707.bb1a25f3c212ce8f.js:464
[   21531ms] [INFO] %c[useAuthWebsocket] 
font-weight: bold;
color: purple;
 [1318ms] connected, handshaking with fingerprint: GAOD2OXgbm0OJYv_S5u_rL0XOPVT4M8-_jpeoGuuzl8 @ https://discord.com/assets/556707.bb1a25f3c212ce8f.js:464
[   21815ms] [INFO] %c[useAuthWebsocket] 
font-weight: bold;
color: purple;
 [1601ms] computed nonce proof @ https://discord.com/assets/556707.bb1a25f3c212ce8f.js:464
[   22121ms] [INFO] %c[useAuthWebsocket] 
font-weight: bold;
color: purple;
 [1908ms] handshake complete awaiting remote auth. @ https://discord.com/assets/556707.bb1a25f3c212ce8f.js:464
[  317338ms] [INFO] %c[useAuthWebsocket] 
font-weight: bold;
color: purple;
 [297115ms] disconnected, code: 4003 Handshake Timeout @ https://discord.com/assets/556707.bb1a25f3c212ce8f.js:464
[  317339ms] [ERROR] %c[useAuthWebsocket] 
font-weight: bold;
color: purple;
 Could not complete Remote Auth login, trying to restart with a new Remote Auth session. @ https://discord.com/assets/556707.bb1a25f3c212ce8f.js:464
[  321166ms] [INFO] %c[useAuthWebsocket] 
font-weight: bold;
color: purple;
 [300952ms] cleaning up @ https://discord.com/assets/556707.bb1a25f3c212ce8f.js:464
[  321173ms] [INFO] %c[useAuthWebsocket] 
font-weight: bold;
color: purple;
 [0ms] connecting to wss://remote-auth-gateway.discord.gg/?v=2 @ https://discord.com/assets/556707.bb1a25f3c212ce8f.js:464
[  322264ms] [INFO] %c[useAuthWebsocket] 
font-weight: bold;
color: purple;
 [1097ms] got hello, auth timeout=338287ms @ https://discord.com/assets/556707.bb1a25f3c212ce8f.js:464
[  322300ms] [INFO] %c[useAuthWebsocket] 
font-weight: bold;
color: purple;
 [1133ms] connected, handshaking with fingerprint: -lvtxj-edjDeSX7VBfIhU60FyQua6Npa7WCiQij5BMY @ https://discord.com/assets/556707.bb1a25f3c212ce8f.js:464
[  322690ms] [INFO] %c[useAuthWebsocket] 
font-weight: bold;
color: purple;
 [1523ms] computed nonce proof @ https://discord.com/assets/556707.bb1a25f3c212ce8f.js:464
[  323006ms] [INFO] %c[useAuthWebsocket] 
font-weight: bold;
color: purple;
 [1839ms] handshake complete awaiting remote auth. @ https://discord.com/assets/556707.bb1a25f3c212ce8f.js:464
[  660549ms] [INFO] %c[useAuthWebsocket] 
font-weight: bold;
color: purple;
 [339381ms] disconnected, code: 4003 Handshake Timeout @ https://discord.com/assets/556707.bb1a25f3c212ce8f.js:464
[  660549ms] [ERROR] %c[useAuthWebsocket] 
font-weight: bold;
color: purple;
 Could not complete Remote Auth login, trying to restart with a new Remote Auth session. @ https://discord.com/assets/556707.bb1a25f3c212ce8f.js:464
[  662943ms] [INFO] %c[useAuthWebsocket] 
font-weight: bold;
color: purple;
 [341776ms] cleaning up @ https://discord.com/assets/556707.bb1a25f3c212ce8f.js:464
[  662945ms] [INFO] %c[useAuthWebsocket] 
font-weight: bold;
color: purple;
 [0ms] connecting to wss://remote-auth-gateway.discord.gg/?v=2 @ https://discord.com/assets/556707.bb1a25f3c212ce8f.js:464
[  663874ms] [INFO] %c[useAuthWebsocket] 
font-weight: bold;
color: purple;
 [930ms] got hello, auth timeout=280013ms @ https://discord.com/assets/556707.bb1a25f3c212ce8f.js:464
[  663938ms] [INFO] %c[useAuthWebsocket] 
font-weight: bold;
color: purple;
 [995ms] connected, handshaking with fingerprint: UGjx8k45YbVToUKX2soFwRi23T3QcwmR7D2zmZzCYnc @ https://discord.com/assets/556707.bb1a25f3c212ce8f.js:464
[  664223ms] [INFO] %c[useAuthWebsocket] 
font-weight: bold;
color: purple;
 [1279ms] computed nonce proof @ https://discord.com/assets/556707.bb1a25f3c212ce8f.js:464
[  664524ms] [INFO] %c[useAuthWebsocket] 
font-weight: bold;
color: purple;
 [1581ms] handshake complete awaiting remote auth. @ https://discord.com/assets/556707.bb1a25f3c212ce8f.js:464
[  943943ms] [INFO] %c[useAuthWebsocket] 
font-weight: bold;
color: purple;
 [280998ms] disconnected, code: 4003 Handshake Timeout @ https://discord.com/assets/556707.bb1a25f3c212ce8f.js:464
[  943943ms] [ERROR] %c[useAuthWebsocket] 
font-weight: bold;
color: purple;
 Could not complete Remote Auth login, trying to restart with a new Remote Auth session. @ https://discord.com/assets/556707.bb1a25f3c212ce8f.js:464
[  947873ms] [INFO] %c[useAuthWebsocket] 
font-weight: bold;
color: purple;
 [284929ms] cleaning up @ https://discord.com/assets/556707.bb1a25f3c212ce8f.js:464
[  947875ms] [INFO] %c[useAuthWebsocket] 
font-weight: bold;
color: purple;
 [0ms] connecting to wss://remote-auth-gateway.discord.gg/?v=2 @ https://discord.com/assets/556707.bb1a25f3c212ce8f.js:464
[  948631ms] [INFO] %c[useAuthWebsocket] 
font-weight: bold;
color: purple;
 [756ms] got hello, auth timeout=288263ms @ https://discord.com/assets/556707.bb1a25f3c212ce8f.js:464
[  948707ms] [INFO] %c[useAuthWebsocket] 
font-weight: bold;
color: purple;
 [832ms] connected, handshaking with fingerprint: MB620_ujcbYYJn8bPQEK739hskvAiYWlyqtjkt06NOA @ https://discord.com/assets/556707.bb1a25f3c212ce8f.js:464
[  949021ms] [INFO] %c[useAuthWebsocket] 
font-weight: bold;
color: purple;
 [1147ms] computed nonce proof @ https://discord.com/assets/556707.bb1a25f3c212ce8f.js:464
[  949312ms] [INFO] %c[useAuthWebsocket] 
font-weight: bold;
color: purple;
 [1437ms] handshake complete awaiting remote auth. @ https://discord.com/assets/556707.bb1a25f3c212ce8f.js:464
[  990555ms] [INFO] %c[useAuthWebsocket] 
font-weight: bold;
color: purple;
 [42680ms] remote auth handshake started, awaiting ticket/cancel. @ https://discord.com/assets/556707.bb1a25f3c212ce8f.js:464
[ 1072047ms] [INFO] %c[useAuthWebsocket] 
font-weight: bold;
color: purple;
 [124172ms] cleaning up @ https://discord.com/assets/556707.bb1a25f3c212ce8f.js:464
[ 1072048ms] [INFO] %c[useAuthWebsocket] 
font-weight: bold;
color: purple;
 [0ms] connecting to wss://remote-auth-gateway.discord.gg/?v=2 @ https://discord.com/assets/556707.bb1a25f3c212ce8f.js:464
[ 1073022ms] [INFO] %c[useAuthWebsocket] 
font-weight: bold;
color: purple;
 [974ms] got hello, auth timeout=247601ms @ https://discord.com/assets/556707.bb1a25f3c212ce8f.js:464
[ 1073057ms] [INFO] %c[useAuthWebsocket] 
font-weight: bold;
color: purple;
 [1009ms] connected, handshaking with fingerprint: X778jcjIO_Dh92Hd_G5L5eruVlb8DD0-LGUWf_-T15Q @ https://discord.com/assets/556707.bb1a25f3c212ce8f.js:464
[ 1073371ms] [INFO] %c[useAuthWebsocket] 
font-weight: bold;
color: purple;
 [1324ms] computed nonce proof @ https://discord.com/assets/556707.bb1a25f3c212ce8f.js:464
[ 1073681ms] [INFO] %c[useAuthWebsocket] 
font-weight: bold;
color: purple;
 [1633ms] handshake complete awaiting remote auth. @ https://discord.com/assets/556707.bb1a25f3c212ce8f.js:464
[ 1080735ms] [INFO] %c[useAuthWebsocket] 
font-weight: bold;
color: purple;
 [8688ms] remote auth handshake started, awaiting ticket/cancel. @ https://discord.com/assets/556707.bb1a25f3c212ce8f.js:464
[ 1108174ms] [ERROR] Failed to load resource: the server responded with a status of 400 () @ https://discord.com/api/v9/users/@me/remote-auth/login:0
[ 1109554ms] [LOG] recaptchacompat disabled @ https://discord.com/assets/556707.bb1a25f3c212ce8f.js:464
[ 1130950ms] [ERROR] Failed to load resource: the server responded with a status of 400 () @ https://discord.com/api/v9/users/@me/remote-auth/login:0
[ 1145044ms] [ERROR] Failed to load resource: the server responded with a status of 404 () @ https://discord.com/api/v9/users/@me/remote-auth/login:0
[ 1145045ms] [ERROR] %c[useAuthWebsocket] 
font-weight: bold;
color: purple;
 Could not complete Remote Auth login, trying to restart with a new Remote Auth session. @ https://discord.com/assets/556707.bb1a25f3c212ce8f.js:464
[ 1147999ms] [INFO] %c[useAuthWebsocket] 
font-weight: bold;
color: purple;
 [75951ms] cleaning up @ https://discord.com/assets/556707.bb1a25f3c212ce8f.js:464
[ 1148000ms] [INFO] %c[useAuthWebsocket] 
font-weight: bold;
color: purple;
 [0ms] connecting to wss://remote-auth-gateway.discord.gg/?v=2 @ https://discord.com/assets/556707.bb1a25f3c212ce8f.js:464
[ 1148681ms] [INFO] %c[useAuthWebsocket] 
font-weight: bold;
color: purple;
 [682ms] got hello, auth timeout=254227ms @ https://discord.com/assets/556707.bb1a25f3c212ce8f.js:464
[ 1148779ms] [INFO] %c[useAuthWebsocket] 
font-weight: bold;
color: purple;
 [780ms] connected, handshaking with fingerprint: OVQCAt9Jgac9uF_yPkNRnWh2SR6Lt3HRGi2nruH15LE @ https://discord.com/assets/556707.bb1a25f3c212ce8f.js:464
[ 1149346ms] [INFO] %c[useAuthWebsocket] 
font-weight: bold;
color: purple;
 [1347ms] computed nonce proof @ https://discord.com/assets/556707.bb1a25f3c212ce8f.js:464
[ 1149726ms] [INFO] %c[useAuthWebsocket] 
font-weight: bold;
color: purple;
 [1727ms] handshake complete awaiting remote auth. @ https://discord.com/assets/556707.bb1a25f3c212ce8f.js:464
[ 1204407ms] [INFO] %c[useAuthWebsocket] 
font-weight: bold;
color: purple;
 [56407ms] disconnected, code: 1006  @ https://discord.com/assets/556707.bb1a25f3c212ce8f.js:464
[ 1204408ms] [ERROR] %c[useAuthWebsocket] 
font-weight: bold;
color: purple;
 Could not complete Remote Auth login, trying to restart with a new Remote Auth session. @ https://discord.com/assets/556707.bb1a25f3c212ce8f.js:464
[ 1207928ms] [INFO] %c[useAuthWebsocket] 
font-weight: bold;
color: purple;
 [59929ms] cleaning up @ https://discord.com/assets/556707.bb1a25f3c212ce8f.js:464
[ 1207930ms] [INFO] %c[useAuthWebsocket] 
font-weight: bold;
color: purple;
 [0ms] connecting to wss://remote-auth-gateway.discord.gg/?v=2 @ https://discord.com/assets/556707.bb1a25f3c212ce8f.js:464
[ 1207934ms] [ERROR] WebSocket connection to 'wss://remote-auth-gateway.discord.gg/?v=2' failed: Error in connection establishment: net::ERR_INTERNET_DISCONNECTED @ https://discord.com/assets/web.e7ec05b4366c76c6.js:132
[ 1207934ms] [INFO] %c[useAuthWebsocket] 
font-weight: bold;
color: purple;
 [6ms] disconnected, error: {"isTrusted":true} @ https://discord.com/assets/556707.bb1a25f3c212ce8f.js:464
[ 1207934ms] [ERROR] %c[useAuthWebsocket] 
font-weight: bold;
color: purple;
 Could not complete Remote Auth login, trying to restart with a new Remote Auth session. @ https://discord.com/assets/556707.bb1a25f3c212ce8f.js:464
[ 1207935ms] [INFO] %c[useAuthWebsocket] 
font-weight: bold;
color: purple;
 [6ms] disconnected, code: 1006  @ https://discord.com/assets/556707.bb1a25f3c212ce8f.js:464
[ 1207935ms] [ERROR] %c[useAuthWebsocket] 
font-weight: bold;
color: purple;
 Could not complete Remote Auth login, trying to restart with a new Remote Auth session. @ https://discord.com/assets/556707.bb1a25f3c212ce8f.js:464
[ 2146130ms] [ERROR] Failed to load resource: net::ERR_INTERNET_DISCONNECTED @ https://discord.com/api/v9/metrics/v2:0
[ 2701403ms] [INFO] %c[useAuthWebsocket] 
font-weight: bold;
color: purple;
 [1493472ms] cleaning up @ https://discord.com/assets/556707.bb1a25f3c212ce8f.js:464
[ 2701431ms] [INFO] %c[useAuthWebsocket] 
font-weight: bold;
color: purple;
 [0ms] connecting to wss://remote-auth-gateway.discord.gg/?v=2 @ https://discord.com/assets/556707.bb1a25f3c212ce8f.js:464
[ 2701453ms] [ERROR] WebSocket connection to 'wss://remote-auth-gateway.discord.gg/?v=2' failed: Error in connection establishment: net::ERR_INTERNET_DISCONNECTED @ https://discord.com/assets/web.e7ec05b4366c76c6.js:132
[ 2701454ms] [INFO] %c[useAuthWebsocket] 
font-weight: bold;
color: purple;
 [35ms] disconnected, error: {"isTrusted":true} @ https://discord.com/assets/556707.bb1a25f3c212ce8f.js:464
[ 2701455ms] [ERROR] %c[useAuthWebsocket] 
font-weight: bold;
color: purple;
 Could not complete Remote Auth login, trying to restart with a new Remote Auth session. @ https://discord.com/assets/556707.bb1a25f3c212ce8f.js:464
[ 2701455ms] [INFO] %c[useAuthWebsocket] 
font-weight: bold;
color: purple;
 [35ms] disconnected, code: 1006  @ https://discord.com/assets/556707.bb1a25f3c212ce8f.js:464
[ 2701455ms] [ERROR] %c[useAuthWebsocket] 
font-weight: bold;
color: purple;
 Could not complete Remote Auth login, trying to restart with a new Remote Auth session. @ https://discord.com/assets/556707.bb1a25f3c212ce8f.js:464
[ 2723280ms] [INFO] %c[useAuthWebsocket] 
font-weight: bold;
color: purple;
 [21860ms] cleaning up @ https://discord.com/assets/556707.bb1a25f3c212ce8f.js:464
[ 2723282ms] [INFO] %c[useAuthWebsocket] 
font-weight: bold;
color: purple;
 [0ms] connecting to wss://remote-auth-gateway.discord.gg/?v=2 @ https://discord.com/assets/556707.bb1a25f3c212ce8f.js:464
[ 2723288ms] [ERROR] WebSocket connection to 'wss://remote-auth-gateway.discord.gg/?v=2' failed: Error in connection establishment: net::ERR_INTERNET_DISCONNECTED @ https://discord.com/assets/web.e7ec05b4366c76c6.js:132
[ 2723288ms] [INFO] %c[useAuthWebsocket] 
font-weight: bold;
color: purple;
 [8ms] disconnected, error: {"isTrusted":true} @ https://discord.com/assets/556707.bb1a25f3c212ce8f.js:464
[ 2723288ms] [ERROR] %c[useAuthWebsocket] 
font-weight: bold;
color: purple;
 Could not complete Remote Auth login, trying to restart with a new Remote Auth session. @ https://discord.com/assets/556707.bb1a25f3c212ce8f.js:464
[ 2723289ms] [INFO] %c[useAuthWebsocket] 
font-weight: bold;
color: purple;
 [8ms] disconnected, code: 1006  @ https://discord.com/assets/556707.bb1a25f3c212ce8f.js:464
[ 2723289ms] [ERROR] %c[useAuthWebsocket] 
font-weight: bold;
color: purple;
 Could not complete Remote Auth login, trying to restart with a new Remote Auth session. @ https://discord.com/assets/556707.bb1a25f3c212ce8f.js:464
[ 2748541ms] [INFO] %c[libdiscore] 
font-weight: bold;
color: purple;
 [experiment_manager] Loaded experiments from cache @ https://discord.com/assets/556707.bb1a25f3c212ce8f.js:464
[ 2748581ms] [LOG] %c[ProcessUtilsElectron] 
font-weight: bold;
color: purple;
 setMemoryInformation not available. @ https://discord.com/assets/556707.bb1a25f3c212ce8f.js:464
[ 2748674ms] [LOG] %c[default] 
font-weight: bold;
color: purple;
 [BUILD INFO] Release Channel: stable, Build Number: 595897, Version Hash: cc84a8463bda05ae4552c4716adf15add252aa37 @ https://discord.com/assets/556707.bb1a25f3c212ce8f.js:464
[ 2748676ms] [LOG] AppCrashedFatalReport: getLastCrash not supported. @ https://discord.com/assets/556707.bb1a25f3c212ce8f.js:464
[ 2748730ms] [INFO] %c[libdiscore] 
font-weight: bold;
color: purple;
 The answer for life the universe and everything is: 42 @ https://discord.com/assets/556707.bb1a25f3c212ce8f.js:464
[ 2749175ms] [INFO] %c[useAuthWebsocket] 
font-weight: bold;
color: purple;
 [0ms] connecting to wss://remote-auth-gateway.discord.gg/?v=2 @ https://discord.com/assets/556707.bb1a25f3c212ce8f.js:464
[ 2750583ms] [INFO] %c[useAuthWebsocket] 
font-weight: bold;
color: purple;
 [1408ms] got hello, auth timeout=359706ms @ https://discord.com/assets/556707.bb1a25f3c212ce8f.js:464
[ 2750662ms] [INFO] %c[useAuthWebsocket] 
font-weight: bold;
color: purple;
 [1487ms] connected, handshaking with fingerprint: m_Q1mrwvfDP2SYGg6nXa1k8d3bp2wqK4qhMqXTGHMqY @ https://discord.com/assets/556707.bb1a25f3c212ce8f.js:464
[ 2750981ms] [INFO] %c[useAuthWebsocket] 
font-weight: bold;
color: purple;
 [1807ms] computed nonce proof @ https://discord.com/assets/556707.bb1a25f3c212ce8f.js:464
[ 2751286ms] [INFO] %c[useAuthWebsocket] 
font-weight: bold;
color: purple;
 [2111ms] handshake complete awaiting remote auth. @ https://discord.com/assets/556707.bb1a25f3c212ce8f.js:464
[ 2891978ms] [INFO] %c[useAuthWebsocket] 
font-weight: bold;
color: purple;
 [142803ms] remote auth handshake started, awaiting ticket/cancel. @ https://discord.com/assets/556707.bb1a25f3c212ce8f.js:464
[ 2908548ms] [ERROR] Failed to load resource: the server responded with a status of 400 () @ https://discord.com/api/v9/users/@me/remote-auth/login:0
[ 2909221ms] [LOG] recaptchacompat disabled @ https://discord.com/assets/556707.bb1a25f3c212ce8f.js:464
[ 2997079ms] [ERROR] Failed to load resource: the server responded with a status of 400 () @ https://discord.com/api/v9/users/@me/remote-auth/login:0
[ 3010095ms] [ERROR] Failed to load resource: the server responded with a status of 404 () @ https://discord.com/api/v9/users/@me/remote-auth/login:0
[ 3010096ms] [ERROR] %c[useAuthWebsocket] 
font-weight: bold;
color: purple;
 Could not complete Remote Auth login, trying to restart with a new Remote Auth session. @ https://discord.com/assets/556707.bb1a25f3c212ce8f.js:464
[ 3011738ms] [INFO] %c[useAuthWebsocket] 
font-weight: bold;
color: purple;
 [262563ms] cleaning up @ https://discord.com/assets/556707.bb1a25f3c212ce8f.js:464
[ 3011740ms] [INFO] %c[useAuthWebsocket] 
font-weight: bold;
color: purple;
 [0ms] connecting to wss://remote-auth-gateway.discord.gg/?v=2 @ https://discord.com/assets/556707.bb1a25f3c212ce8f.js:464
[ 3012449ms] [INFO] %c[useAuthWebsocket] 
font-weight: bold;
color: purple;
 [711ms] got hello, auth timeout=268595ms @ https://discord.com/assets/556707.bb1a25f3c212ce8f.js:464
[ 3012516ms] [INFO] %c[useAuthWebsocket] 
font-weight: bold;
color: purple;
 [777ms] connected, handshaking with fingerprint: R2n7QqVwjnMSH2xpSabjuj_wZNTZtyRCzxaryRgAZso @ https://discord.com/assets/556707.bb1a25f3c212ce8f.js:464
[ 3012851ms] [INFO] %c[useAuthWebsocket] 
font-weight: bold;
color: purple;
 [1112ms] computed nonce proof @ https://discord.com/assets/556707.bb1a25f3c212ce8f.js:464
[ 3013153ms] [INFO] %c[useAuthWebsocket] 
font-weight: bold;
color: purple;
 [1414ms] handshake complete awaiting remote auth. @ https://discord.com/assets/556707.bb1a25f3c212ce8f.js:464
[ 3030690ms] [INFO] %c[useAuthWebsocket] 
font-weight: bold;
color: purple;
 [18951ms] remote auth handshake started, awaiting ticket/cancel. @ https://discord.com/assets/556707.bb1a25f3c212ce8f.js:464
[ 3033509ms] [ERROR] Failed to load resource: the server responded with a status of 400 () @ https://discord.com/api/v9/users/@me/remote-auth/login:0
[ 3051750ms] [ERROR] Failed to load resource: the server responded with a status of 400 () @ https://discord.com/api/v9/users/@me/remote-auth/login:0
[ 3065173ms] [ERROR] Failed to load resource: the server responded with a status of 404 () @ https://discord.com/api/v9/users/@me/remote-auth/login:0
[ 3065175ms] [ERROR] %c[useAuthWebsocket] 
font-weight: bold;
color: purple;
 Could not complete Remote Auth login, trying to restart with a new Remote Auth session. @ https://discord.com/assets/556707.bb1a25f3c212ce8f.js:464
[ 3069225ms] [INFO] %c[useAuthWebsocket] 
font-weight: bold;
color: purple;
 [57486ms] cleaning up @ https://discord.com/assets/556707.bb1a25f3c212ce8f.js:464
[ 3069226ms] [INFO] %c[useAuthWebsocket] 
font-weight: bold;
color: purple;
 [0ms] connecting to wss://remote-auth-gateway.discord.gg/?v=2 @ https://discord.com/assets/556707.bb1a25f3c212ce8f.js:464
[ 3070563ms] [INFO] %c[useAuthWebsocket] 
font-weight: bold;
color: purple;
 [1338ms] got hello, auth timeout=267394ms @ https://discord.com/assets/556707.bb1a25f3c212ce8f.js:464
[ 3070730ms] [INFO] %c[useAuthWebsocket] 
font-weight: bold;
color: purple;
 [1505ms] connected, handshaking with fingerprint: ObD3RBAT0l52CaI7Ob_Fk73kmIHOnWsocvr0G44vck4 @ https://discord.com/assets/556707.bb1a25f3c212ce8f.js:464
[ 3071132ms] [INFO] %c[useAuthWebsocket] 
font-weight: bold;
color: purple;
 [1907ms] computed nonce proof @ https://discord.com/assets/556707.bb1a25f3c212ce8f.js:464
[ 3071514ms] [INFO] %c[useAuthWebsocket] 
font-weight: bold;
color: purple;
 [2290ms] handshake complete awaiting remote auth. @ https://discord.com/assets/556707.bb1a25f3c212ce8f.js:464
[ 3089728ms] [LOG] %c[Flux] 
font-weight: bold;
color: purple;
 Dispatching LOGIN @ https://discord.com/assets/556707.bb1a25f3c212ce8f.js:464
[ 3089780ms] Starting password login
[ 3090586ms] [LOG] %c[Flux] 
font-weight: bold;
color: purple;
 Dispatching LOGIN_SUCCESS @ https://discord.com/assets/556707.bb1a25f3c212ce8f.js:464
[ 3090598ms] [LOG] %c[Routing/Utils] 
font-weight: bold;
color: purple;
 transitionTo - Transitioning to /app @ https://discord.com/assets/556707.bb1a25f3c212ce8f.js:464
[ 3090612ms] [INFO] %c[GatewaySocket] 
font-weight: bold;
color: purple;
 [CONNECT] wss://gateway.discord.gg, encoding: json, version: 9, compression: zlib-stream @ https://discord.com/assets/556707.bb1a25f3c212ce8f.js:464
[ 3090613ms] [INFO] %c[useAuthWebsocket] 
font-weight: bold;
color: purple;
 [21388ms] cleaning up @ https://discord.com/assets/556707.bb1a25f3c212ce8f.js:464
[ 3092421ms] [INFO] %c[GatewaySocket] 
font-weight: bold;
color: purple;
 [CONNECTED] wss://gateway.discord.gg/?encoding=json&v=9&compress=zlib-stream in 1809 ms @ https://discord.com/assets/556707.bb1a25f3c212ce8f.js:464
[ 3095459ms] [INFO] %c[GatewaySocket] 
font-weight: bold;
color: purple;
 [READY] took 4848ms, as fafdf4e5a49913b35aa2d4c8ab7abaa4 @ https://discord.com/assets/556707.bb1a25f3c212ce8f.js:464
[ 3095532ms] [LOG] %c[Flux] 
font-weight: bold;
color: purple;
 Dispatching CONNECTION_OPEN @ https://discord.com/assets/556707.bb1a25f3c212ce8f.js:464
[ 3095537ms] [LOG] %c[DatabaseManager] 
font-weight: bold;
color: purple;
 removing database (user: 948615582054510592, database: undefined) @ https://discord.com/assets/556707.bb1a25f3c212ce8f.js:464
[ 3095577ms] [INFO] %c[Spotify] 
font-weight: bold;
color: purple;
 WS Connecting @ https://discord.com/assets/556707.bb1a25f3c212ce8f.js:464
[ 3095578ms] [INFO] %c[Spotify] 
font-weight: bold;
color: purple;
 Added account: 31nwfpzs6xhldsdfxl535iqurfme @ https://discord.com/assets/556707.bb1a25f3c212ce8f.js:464
[ 3096320ms] [INFO] %c[GatewaySocket] 
font-weight: bold;
color: purple;
 [READY_SUPPLEMENTAL] took 5708ms @ https://discord.com/assets/556707.bb1a25f3c212ce8f.js:464
[ 3096436ms] [ERROR] Failed to load resource: the server responded with a status of 429 () @ https://discord.com/api/v9/users/@me/survey?disable_auto_seen=true:0
[ 3096456ms] [ERROR] Failed to load resource: the server responded with a status of 404 () @ https://discord.com/api/v9/users/@me/referrals/eligibility:0
[ 3098433ms] [INFO] %c[OverlayKeybindExperimentManager] 
font-weight: bold;
color: purple;
 Experiments initializing... @ https://discord.com/assets/556707.bb1a25f3c212ce8f.js:464
[ 3098442ms] [INFO] %c[OverlayKeybindExperimentManager] 
font-weight: bold;
color: purple;
 Experiments initialized @ https://discord.com/assets/556707.bb1a25f3c212ce8f.js:464
[ 3099676ms] [LOG] %c[Routing/Utils] 
font-weight: bold;
color: purple;
 transitionTo - Transitioning to /channels/@me/1416927854725431306 @ https://discord.com/assets/556707.bb1a25f3c212ce8f.js:464
[ 3099679ms] [LOG] %c[MessageActionCreators] 
font-weight: bold;
color: purple;
 Fetching messages for 1416927854725431306 between undefined and undefined. jump={"jumpType":"ANIMATED"} @ https://discord.com/assets/556707.bb1a25f3c212ce8f.js:464
[ 3101932ms] [INFO] %c[Spotify] 
font-weight: bold;
color: purple;
 WS Connected @ https://discord.com/assets/556707.bb1a25f3c212ce8f.js:464
[ 3102390ms] [INFO] %c[Spotify] 
font-weight: bold;
color: purple;
 Devices updated for 31nwfpzs6xhldsdfxl535iqurfme: [Object] @ https://discord.com/assets/556707.bb1a25f3c212ce8f.js:464
[ 3102391ms] [INFO] %c[Spotify] 
font-weight: bold;
color: purple;
 Profile updated for 31nwfpzs6xhldsdfxl535iqurfme: isPremium = true @ https://discord.com/assets/556707.bb1a25f3c212ce8f.js:464
[ 3102582ms] [INFO] %c[SignalHelpers.web] 
font-weight: bold;
color: purple;
 signalAllAcceptedCredentials {rpId: discord.com, encodedUserId: MPMD-4wmT1MNKijYjMJwAA, allAcceptedCredentialIds: Array(0)} @ https://discord.com/assets/556707.bb1a25f3c212ce8f.js:464
[ 3102711ms] [LOG] %c[MessageActionCreators] 
font-weight: bold;
color: purple;
 Fetched 5 messages for 1416927854725431306 isBefore:false isAfter:false @ https://discord.com/assets/556707.bb1a25f3c212ce8f.js:464
[ 3102714ms] [INFO] %c[ChannelMessages] 
font-weight: bold;
color: purple;
 loadComplete: resetting state for channelId=1416927854725431306, sending.length=0 @ https://discord.com/assets/556707.bb1a25f3c212ce8f.js:464
[ 3103034ms] [LOG] %c[discord_protos.discord_users.v1.FrecencyUserSettings] 
font-weight: bold;
color: purple;
 Loading proto @ https://discord.com/assets/556707.bb1a25f3c212ce8f.js:464
[ 3103178ms] [ERROR] Failed to load resource: the server responded with a status of 404 () @ https://discord.com/api/v9/users/@me/notes/1186653824811810856:0
[ 3103189ms] [ERROR] Failed to load resource: the server responded with a status of 404 () @ https://discord.com/api/v9/invites/h5zQY5eg?with_counts=true&with_expiration=true&with_permissions=true:0
[ 3106893ms] [INFO] %c[LibDaveManager] 
font-weight: bold;
color: purple;
 DAVE loaded @ https://discord.com/assets/556707.bb1a25f3c212ce8f.js:464
[ 3106893ms] [INFO] %c[LibDaveManager] 
font-weight: bold;
color: purple;
 Successfully initialized DAVE @ https://discord.com/assets/556707.bb1a25f3c212ce8f.js:464
[ 3106894ms] [INFO] %c[MediaEngineWebRTC] 
font-weight: bold;
color: purple;
 Successfully initialized DAVE, version: 1 @ https://discord.com/assets/556707.bb1a25f3c212ce8f.js:464
[ 3110735ms] [INFO] %c[libdiscore] 
font-weight: bold;
color: purple;
 [BlockedDomainsStore] Successfully fetched blocked domains @ https://discord.com/assets/556707.bb1a25f3c212ce8f.js:464
[ 3115673ms] [LOG] %c[MessageActionCreators] 
font-weight: bold;
color: purple;
 Fetching messages for 1489825701258461228 between undefined and undefined. jump={"jumpType":"ANIMATED"} @ https://discord.com/assets/556707.bb1a25f3c212ce8f.js:464
[ 3115684ms] [LOG] %c[Routing/Utils] 
font-weight: bold;
color: purple;
 transitionTo - Transitioning to /channels/1489825700079734845/1489825701258461228 @ https://discord.com/assets/556707.bb1a25f3c212ce8f.js:464
[ 3116423ms] [LOG] %c[MessageActionCreators] 
font-weight: bold;
color: purple;
 Fetched 10 messages for 1489825701258461228 isBefore:false isAfter:false @ https://discord.com/assets/556707.bb1a25f3c212ce8f.js:464
[ 3116425ms] [INFO] %c[ChannelMessages] 
font-weight: bold;
color: purple;
 loadComplete: resetting state for channelId=1489825701258461228, sending.length=0 @ https://discord.com/assets/556707.bb1a25f3c212ce8f.js:464
[ 3117273ms] [LOG] %c[MessageActionCreators] 
font-weight: bold;
color: purple;
 Fetching messages for 1489825701258461228 between undefined and 1539602321624014889. jump=undefined @ https://discord.com/assets/556707.bb1a25f3c212ce8f.js:464
[ 3119391ms] [LOG] %c[MessageActionCreators] 
font-weight: bold;
color: purple;
 Fetched 20 messages for 1489825701258461228 isBefore:true isAfter:false @ https://discord.com/assets/556707.bb1a25f3c212ce8f.js:464
[ 3119786ms] [LOG] %c[MessageActionCreators] 
font-weight: bold;
color: purple;
 Fetching messages for 1490009069778632955 between undefined and undefined. jump={"jumpType":"ANIMATED"} @ https://discord.com/assets/556707.bb1a25f3c212ce8f.js:464
[ 3119791ms] [LOG] %c[Routing/Utils] 
font-weight: bold;
color: purple;
 transitionTo - Transitioning to /channels/1489825700079734845/1490009069778632955 @ https://discord.com/assets/556707.bb1a25f3c212ce8f.js:464
[ 3120322ms] [LOG] %c[MessageActionCreators] 
font-weight: bold;
color: purple;
 Fetched 10 messages for 1490009069778632955 isBefore:false isAfter:false @ https://discord.com/assets/556707.bb1a25f3c212ce8f.js:464
[ 3120324ms] [INFO] %c[ChannelMessages] 
font-weight: bold;
color: purple;
 loadComplete: resetting state for channelId=1490009069778632955, sending.length=0 @ https://discord.com/assets/556707.bb1a25f3c212ce8f.js:464
[ 3127635ms] [LOG] %c[MessageActionCreators] 
font-weight: bold;
color: purple;
 Fetching messages for 1490009069778632955 between undefined and undefined. jump={"messageId":"1539686649523478538","flash":true,"returnMessageId":"1539686880503799848"} @ https://discord.com/assets/556707.bb1a25f3c212ce8f.js:464
[ 3128590ms] [LOG] %c[MessageActionCreators] 
font-weight: bold;
color: purple;
 Fetching messages for 1490009069778632955 between undefined and 1539685851121066076. jump=undefined @ https://discord.com/assets/556707.bb1a25f3c212ce8f.js:464
[ 3129028ms] [LOG] %c[MessageActionCreators] 
font-weight: bold;
color: purple;
 Fetched 20 messages for 1490009069778632955 isBefore:true isAfter:false @ https://discord.com/assets/556707.bb1a25f3c212ce8f.js:464
